============================= test session starts =============================
platform win32 -- Python 3.12.10, pytest-9.1.1, pluggy-1.6.0 -- G:\Monte Carlo\MC\venv\Scripts\python.exe
cachedir: .pytest_cache
rootdir: G:\Monte Carlo\MC
plugins: anyio-4.14.2
collecting ... collected 77 items

tests/test_compare.py::test_rising_curve_has_no_drawdown PASSED          [  1%]
tests/test_compare.py::test_drawdown_measured_from_running_peak_not_from_start PASSED [  2%]
tests/test_compare.py::test_immediate_loss_is_counted_against_starting_balance PASSED [  3%]
tests/test_compare.py::test_largest_of_several_drawdowns_is_reported PASSED [  5%]
tests/test_compare.py::test_drawdown_computed_per_row_for_many_curves PASSED [  6%]
tests/test_compare.py::test_empty_curve_raises_error PASSED              [  7%]
tests/test_compare.py::test_total_return_is_fraction_of_starting_balance PASSED [  9%]
tests/test_compare.py::test_total_return_can_be_negative PASSED          [ 10%]
tests/test_compare.py::test_ratio_divides_return_by_drawdown PASSED      [ 11%]
tests/test_compare.py::test_ratio_penalises_the_same_return_earned_with_more_drawdown PASSED [ 12%]
tests/test_compare.py::test_zero_drawdown_with_profit_is_infinite PASSED [ 14%]
tests/test_compare.py::test_zero_drawdown_without_profit_is_not_rewarded PASSED [ 15%]
tests/test_compare.py::test_benchmark_tracks_the_price_series PASSED     [ 16%]
tests/test_compare.py::test_benchmark_return_matches_price_change PASSED [ 18%]
tests/test_compare.py::test_benchmark_rejects_negative_prices PASSED     [ 19%]
tests/test_compare.py::test_benchmark_needs_at_least_two_prices PASSED   [ 20%]
tests/test_compare.py::test_comparison_flags_which_paths_beat_the_benchmark_on_return PASSED [ 22%]
tests/test_compare.py::test_a_path_can_win_on_return_but_lose_on_ratio PASSED [ 23%]
tests/test_compare.py::test_comparison_returns_one_value_per_path PASSED [ 24%]
tests/test_compare.py::test_comparison_rejects_one_dimensional_input PASSED [ 25%]
tests/test_compare.py::test_sharpe_is_mean_over_standard_deviation PASSED [ 27%]
tests/test_compare.py::test_steadier_returns_score_higher_than_volatile_ones PASSED [ 28%]
tests/test_compare.py::test_constant_positive_returns_are_unbounded PASSED [ 29%]
tests/test_compare.py::test_constant_zero_returns_score_nothing PASSED   [ 31%]
tests/test_compare.py::test_annualising_scales_by_root_of_periods PASSED [ 32%]
tests/test_compare.py::test_sharpe_computed_per_row_for_many_series PASSED [ 33%]
tests/test_compare.py::test_sharpe_needs_at_least_two_returns PASSED     [ 35%]
tests/test_compare.py::test_returns_recovered_from_a_curve PASSED        [ 36%]
tests/test_compare.py::test_returns_recovered_per_row_for_many_curves PASSED [ 37%]
tests/test_ingest.py::test_loads_expected_number_of_trades PASSED        [ 38%]
tests/test_ingest.py::test_returns_only_the_required_columns PASSED      [ 40%]
tests/test_ingest.py::test_timestamps_are_parsed_as_datetimes PASSED     [ 41%]
tests/test_ingest.py::test_profit_and_balance_are_numeric PASSED         [ 42%]
tests/test_ingest.py::test_derives_starting_balance_from_first_trade PASSED [ 44%]
tests/test_ingest.py::test_explicit_starting_balance_overrides_derived_value PASSED [ 45%]
tests/test_ingest.py::test_trades_are_sorted_by_close_time PASSED        [ 46%]
tests/test_ingest.py::test_sample_type_column_is_retained PASSED         [ 48%]
tests/test_ingest.py::test_missing_column_raises_error PASSED            [ 49%]
tests/test_ingest.py::test_non_numeric_profit_raises_error PASSED        [ 50%]
tests/test_ingest.py::test_bad_date_format_raises_error PASSED           [ 51%]
tests/test_ingest.py::test_file_with_no_trades_raises_error PASSED       [ 53%]
tests/test_ingest.py::test_missing_file_raises_error PASSED              [ 54%]
tests/test_metrics.py::test_summary_reports_median_and_percentiles PASSED [ 55%]
tests/test_metrics.py::test_summary_excludes_infinite_values_and_counts_them PASSED [ 57%]
tests/test_metrics.py::test_summary_of_empty_input_raises_error PASSED   [ 58%]
tests/test_metrics.py::test_summary_of_all_infinite_values_raises_error PASSED [ 59%]
tests/test_metrics.py::test_probability_matches_a_hand_count PASSED      [ 61%]
tests/test_metrics.py::test_interval_brackets_the_estimate PASSED        [ 62%]
tests/test_metrics.py::test_more_simulations_narrow_the_interval PASSED  [ 63%]
tests/test_metrics.py::test_interval_stays_within_zero_and_one PASSED    [ 64%]
tests/test_metrics.py::test_unsupported_confidence_level_raises_error PASSED [ 66%]
tests/test_metrics.py::test_probability_from_no_simulations_raises_error PASSED [ 67%]
tests/test_metrics.py::test_actual_at_the_middle_of_the_distribution PASSED [ 68%]
tests/test_metrics.py::test_actual_above_every_simulation_is_the_top_percentile PASSED [ 70%]
tests/test_metrics.py::test_actual_below_every_simulation_is_the_bottom_percentile PASSED [ 71%]
tests/test_metrics.py::test_nested_report_is_flattened_to_labelled_rows PASSED [ 72%]
tests/test_simulate.py::test_output_has_one_row_per_simulation_and_one_column_per_trade PASSED [ 74%]
tests/test_simulate.py::test_first_column_is_starting_balance_plus_one_trade PASSED [ 75%]
tests/test_simulate.py::test_both_modes_run PASSED                       [ 76%]
tests/test_simulate.py::test_same_seed_produces_identical_results PASSED [ 77%]
tests/test_simulate.py::test_different_seeds_produce_different_results PASSED [ 79%]
tests/test_simulate.py::test_without_replacement_always_ends_at_the_same_balance PASSED [ 80%]
tests/test_simulate.py::test_without_replacement_uses_each_trade_exactly_once PASSED [ 81%]
tests/test_simulate.py::test_with_replacement_produces_varying_final_balances PASSED [ 83%]
tests/test_simulate.py::test_with_replacement_mean_final_balance_approaches_the_real_total PASSED [ 84%]
tests/test_simulate.py::test_equity_curve_matches_hand_calculation PASSED [ 85%]
tests/test_simulate.py::test_empty_trade_list_raises_error PASSED        [ 87%]
tests/test_simulate.py::test_zero_simulations_raises_error PASSED        [ 88%]
tests/test_simulate.py::test_unknown_mode_raises_error PASSED            [ 89%]
tests/test_simulate.py::test_missing_values_raise_error PASSED           [ 90%]
tests/test_simulate.py::test_compounding_multiplies_rather_than_adds PASSED [ 92%]
tests/test_simulate.py::test_compounded_simulation_has_expected_shape PASSED [ 93%]
tests/test_simulate.py::test_compounded_reshuffle_ends_at_same_balance PASSED [ 94%]
tests/test_simulate.py::test_compounding_and_adding_give_different_results PASSED [ 96%]
tests/test_simulate.py::test_to_returns_recovers_the_fraction_risked PASSED [ 97%]
tests/test_simulate.py::test_to_returns_round_trips_through_compounding PASSED [ 98%]
tests/test_simulate.py::test_to_returns_rejects_mismatched_lengths PASSED [100%]

============================= 77 passed in 2.65s ==============================
